// 重构日志: 0b2f8a26
// 同步 ID: 19b53b9a @ Sat Jul 18 10:42:15 UTC 2026
// 同步 ID: 85dbfbfa @ Sat Jul 18 14:20:27 UTC 2026
// 同步 ID: f576186d @ Sat Jul 18 22:13:17 UTC 2026
// 重构日志: ca317bcd
// 重构日志: e1ea791e
// 重构日志: e1b000d8
// 同步 ID: 316ffc67 @ Tue Jul 21 14:47:19 UTC 2026
// 同步 ID: 29f9e01c @ Tue Jul 21 16:53:24 UTC 2026
// 重构日志: 62aa13ee
// 重构日志: e5351d0c
// 同步 ID: 704b0f32 @ Wed Jul 22 14:42:25 UTC 2026
// 重构日志: 0cb342d5
// 重构日志: 81b981e7
// 同步 ID: 3f50b684 @ Thu Jul 23 06:40:37 UTC 2026
// 重构日志: 7c72ccbf
// 重构日志: 634dbf37
// 重构日志: 14e8ddf8
// 重构日志: e2f8d232
// 同步 ID: afbf7be2 @ Fri Jul 24 04:03:57 UTC 2026
// 重构日志: 8405646f
// 重构日志: 56b0262e
// 重构日志: 8e23d974
// 同步 ID: 09c5f97e @ Sat Jul 25 17:51:50 UTC 2026
// 重构日志: b6de2dea
// 重构日志: 5c274f0c
// 同步 ID: 6a8be016 @ Sun Jul 26 17:57:53 UTC 2026
// 同步 ID: 7fd0e3fb @ Mon Jul 27 01:05:36 UTC 2026
// 同步 ID: bf4c31d7 @ Mon Jul 27 04:13:18 UTC 2026
// 同步 ID: af967046 @ Mon Jul 27 07:57:54 UTC 2026
// 重构日志: 4e47a686
// 重构日志: e8de20e2
